Resolving dependencies...
Downloading packages...
  _flutterfire_internals 1.3.59 (1.3.68 available)
  appwrite 20.3.1 (23.0.0 available)
  archive 4.0.7 (4.0.9 available)
  async 2.13.0 (2.13.1 available)
  cached_network_image 3.4.0 (3.4.1 available)
  cached_network_image_web 1.3.0 (1.3.1 available)
  characters 1.4.0 (1.4.1 available)
  cookie_jar 4.0.8 (4.0.9 available)
  cross_file 0.3.5 (0.3.5+2 available)
  crypto 3.0.6 (3.0.7 available)
  cryptography 2.7.0 (2.9.0 available)
  cupertino_icons 1.0.8 (1.0.9 available)
  device_info_plus 12.2.0 (12.4.0 available)
  ffi 2.1.4 (2.2.0 available)
  file_selector_linux 0.9.3+2 (0.9.4 available)
  file_selector_macos 0.9.4+5 (0.9.5 available)
  file_selector_platform_interface 2.6.2 (2.7.0 available)
  file_selector_windows 0.9.3+4 (0.9.3+5 available)
  firebase_analytics 11.6.0 (12.2.0 available)
  firebase_analytics_platform_interface 4.4.3 (5.1.0 available)
  firebase_analytics_web 0.5.10+16 (0.6.1+4 available)
  firebase_core 3.15.2 (4.6.0 available)
  firebase_core_web 2.24.1 (3.5.1 available)
  firebase_messaging 15.2.10 (16.1.3 available)
  firebase_messaging_platform_interface 4.6.10 (4.7.8 available)
  firebase_messaging_web 3.10.10 (4.1.4 available)
  flutter_dotenv 5.2.1 (6.0.0 available)
  flutter_inappwebview_internal_annotations 1.2.0 (1.3.0 available)
  flutter_local_notifications 18.0.1 (21.0.0 available)
  flutter_local_notifications_linux 5.0.0 (8.0.0 available)
  flutter_local_notifications_platform_interface 8.0.0 (11.0.0 available)
  flutter_plugin_android_lifecycle 2.0.32 (2.0.34 available)
  flutter_secure_storage 9.2.4 (10.0.0 available)
  flutter_secure_storage_linux 1.2.3 (3.0.0 available)
  flutter_secure_storage_macos 3.1.3 (4.0.0 available)
  flutter_secure_storage_platform_interface 1.1.2 (2.0.1 available)
  flutter_secure_storage_web 1.2.1 (2.1.0 available)
  flutter_secure_storage_windows 3.1.2 (4.1.0 available)
  flutter_sound 9.28.0 (9.30.0 available)
  flutter_sound_platform_interface 9.28.0 (10.3.8 available)
  flutter_sound_web 9.28.0 (10.3.8 available)
  flutter_web_auth_2 4.1.0 (5.0.1 available)
  flutter_web_auth_2_platform_interface 4.1.0 (5.0.0 available)
  fluttertoast 8.2.14 (9.0.0 available)
  google_fonts 6.3.2 (8.0.2 available)
  google_mobile_ads 5.3.1 (7.0.0 available)
  http 1.5.0 (1.6.0 available)
  image 4.5.4 (4.8.0 available)
  image_picker 1.2.0 (1.2.1 available)
  image_picker_android 0.8.13+7 (0.8.13+15 available)
  image_picker_for_web 3.1.0 (3.1.1 available)
  image_picker_ios 0.8.13+1 (0.8.13+6 available)
  js 0.6.7 (0.7.2 available)
  json_annotation 4.9.0 (4.11.0 available)
  lints 6.0.0 (6.1.0 available)
  logger 2.6.2 (2.7.0 available)
  matcher 0.12.17 (0.12.19 available)
  material_color_utilities 0.11.1 (0.13.0 available)
  meta 1.17.0 (1.18.2 available)
  path_provider_android 2.2.20 (2.2.23 available)
  path_provider_foundation 2.4.3 (2.6.0 available)
  permission_handler 11.4.0 (12.0.1 available)
  permission_handler_android 12.1.0 (13.0.1 available)
  petitparser 7.0.1 (7.0.2 available)
  posix 6.0.3 (6.5.0 available)
  share_plus 12.0.1 (12.0.2 available)
  shared_preferences 2.5.3 (2.5.5 available)
  shared_preferences_android 2.4.15 (2.4.23 available)
  shared_preferences_foundation 2.5.5 (2.5.6 available)
  shared_preferences_platform_interface 2.4.1 (2.4.2 available)
  source_span 1.10.1 (1.10.2 available)
  sqflite_android 2.4.2+2 (2.4.2+3 available)
  test_api 0.7.7 (0.7.11 available)
  timezone 0.10.1 (0.11.0 available)
  universal_io 2.2.2 (2.3.1 available)
  url_launcher_android 6.3.24 (6.3.29 available)
  url_launcher_ios 6.3.5 (6.4.1 available)
  url_launcher_linux 3.2.1 (3.2.2 available)
  url_launcher_macos 3.2.4 (3.2.5 available)
  url_launcher_web 2.4.1 (2.4.2 available)
  url_launcher_windows 3.1.4 (3.1.5 available)
  uuid 4.5.1 (4.5.3 available)
  vector_math 2.2.0 (2.3.0 available)
  video_player 2.10.0 (2.11.1 available)
  video_player_android 2.8.17 (2.9.5 available)
  video_player_avfoundation 2.8.5 (2.9.4 available)
  webview_flutter 4.13.0 (4.13.1 available)
  webview_flutter_android 4.10.9 (4.10.15 available)
  webview_flutter_platform_interface 2.14.0 (2.15.1 available)
  webview_flutter_wkwebview 3.23.4 (3.24.2 available)
  win32 5.15.0 (6.0.0 available)
  win32_registry 2.1.0 (3.0.2 available)
Got dependencies!
92 packages have newer versions incompatible with dependency constraints.
Try `flutter pub outdated` for more information.
Launching lib\main.dart on TECNO KM4 in debug mode...
Running Gradle task 'assembleDebug'...                          

C:\XapZap\xapzap\android>if "Windows_NT" == "Windows_NT" setlocal

C:\XapZap\xapzap\android>set DEFAULT_JVM_OPTS= 

C:\XapZap\xapzap\android>set DIRNAME=C:\XapZap\xapzap\android\ 

C:\XapZap\xapzap\android>if "C:\XapZap\xapzap\android\" == "" set DIRNAME=. 

C:\XapZap\xapzap\android>set APP_BASE_NAME=gradlew 

C:\XapZap\xapzap\android>set APP_HOME=C:\XapZap\xapzap\android\ 

C:\XapZap\xapzap\android>if defined JAVA_HOME goto findJavaFromJavaHome 

C:\XapZap\xapzap\android>set JAVA_HOME=C:\Program Files\Android\Android Studio\jbr 

C:\XapZap\xapzap\android>set JAVA_EXE=C:\Program Files\Android\Android Studio\jbr/bin/java.exe 

C:\XapZap\xapzap\android>if exist "C:\Program Files\Android\Android Studio\jbr/bin/java.exe" goto init 

C:\XapZap\xapzap\android>if not "Windows_NT" == "Windows_NT" goto win9xME_args 

C:\XapZap\xapzap\android>if "@eval[2+2]" == "4" goto 4NT_args 

C:\XapZap\xapzap\android>set CMD_LINE_ARGS= 

C:\XapZap\xapzap\android>set _SKIP=2 

C:\XapZap\xapzap\android>if "x-q" == "x" goto execute 

C:\XapZap\xapzap\android>set CMD_LINE_ARGS=-q -Ptarget-platform=android-arm64 -Ptarget=C:\XapZap\xapzap\lib\main.dart -Pbase-application-name=android.app.Application -Pdart-defines=RkxVVFRFUl9WRVJTSU9OPTMuMzguNQ==,RkxVVFRFUl9DSEFOTkVMPXN0YWJsZQ==,RkxVVFRFUl9HSVRfVVJMPWh0dHBzOi8vZ2l0aHViLmNvbS9mbHV0dGVyL2ZsdXR0ZXIuZ2l0,RkxVVFRFUl9GUkFNRVdPUktfUkVWSVNJT049ZjZmZjE1MjlmZA==,RkxVVFRFUl9FTkdJTkVfUkVWSVNJT049MTUyN2FlMGVjNQ==,RkxVVFRFUl9EQVJUX1ZFUlNJT049My4xMC40 -Pdart-obfuscation=false -Ptrack-widget-creation=true -Ptree-shake-icons=false -Pfilesystem-scheme=org-dartlang-root assembleDebug 

C:\XapZap\xapzap\android>goto execute 

C:\XapZap\xapzap\android>set CLASSPATH=C:\XapZap\xapzap\android\\gradle\wrapper\gradle-wrapper.jar 

C:\XapZap\xapzap\android>"C:\Program Files\Android\Android Studio\jbr/bin/java.exe"    "-Dorg.gradle.appname=gradlew" -classpath "C:\XapZap\xapzap\android\\gradle\wrapper\gradle-wrapper.jar" org.gradle.wrapper.GradleWrapperMain -q -Ptarget-platform=android-arm64 -Ptarget=C:\XapZap\xapzap\lib\main.dart -Pbase-application-name=android.app.Application -Pdart-defines=RkxVVFRFUl9WRVJTSU9OPTMuMzguNQ==,RkxVVFRFUl9DSEFOTkVMPXN0YWJsZQ==,RkxVVFRFUl9HSVRfVVJMPWh0dHBzOi8vZ2l0aHViLmNvbS9mbHV0dGVyL2ZsdXR0ZXIuZ2l0,RkxVVFRFUl9GUkFNRVdPUktfUkVWSVNJT049ZjZmZjE1MjlmZA==,RkxVVFRFUl9FTkdJTkVfUkVWSVNJT049MTUyN2FlMGVjNQ==,RkxVVFRFUl9EQVJUX1ZFUlNJT049My4xMC40 -Pdart-obfuscation=false -Ptrack-widget-creation=true -Ptree-shake-icons=false -Pfilesystem-scheme=org-dartlang-root assembleDebug 

C:\XapZap\xapzap\android>if "1" == "0" goto mainEnd 

C:\XapZap\xapzap\android>rem Set variable GRADLE_EXIT_CONSOLE if you need the _script_ return code instead of 

C:\XapZap\xapzap\android>rem the _cmd.exe /c_ return code! 

C:\XapZap\xapzap\android>if not "" == "" exit 1 

C:\XapZap\xapzap\android>exit /b 1 
Running Gradle task 'assembleDebug'...                             27.7s
